﻿
   PASS  Tests\Feature\Auth\AuthenticationTest
  Γ£ô login screen caΓÇª 1.21s  
  Γ£ô users can autheΓÇª 0.08s  
  Γ£ô users can not aΓÇª 0.27s  
  Γ£ô users can logouΓÇª 0.03s  

   FAIL  Tests\Feature\Auth\EmailVerificationTest
  Γ£ô email verificatΓÇª 0.04s  
  Γ¿» email can be veΓÇª 1.62s  
  Γ£ô email is not veΓÇª 0.68s  

   FAIL  Tests\Feature\Auth\PasswordConfirmationTest
  Γ£ô confirm passworΓÇª 0.05s  
  Γ¿» password can beΓÇª 0.67s  
  Γ£ô password is notΓÇª 0.27s  

   PASS  Tests\Feature\Auth\PasswordResetTest
  Γ£ô reset passwordΓÇª  0.04s  
  Γ£ô reset passwordΓÇª  0.26s  
  Γ£ô reset passwordΓÇª  0.27s  
  Γ£ô password can beΓÇª 0.27s  

   PASS  Tests\Feature\Auth\PasswordUpdateTest
  Γ£ô password can beΓÇª 0.05s  
  Γ£ô correct passworΓÇª 0.03s  

   PASS  Tests\Feature\Auth\RegistrationTest
  Γ£ô registration scΓÇª 0.05s  
  Γ£ô new users can rΓÇª 0.05s  
  ΓöÇΓöÇΓöÇΓöÇΓöÇΓöÇΓöÇΓöÇΓöÇΓöÇΓöÇΓöÇΓöÇΓöÇΓöÇΓöÇΓöÇΓöÇΓöÇΓöÇΓöÇΓöÇΓöÇΓöÇ  
   FAILED  Tests\FeatureΓÇª   
  The expected [Illuminate\Auth\Events\Verified] event was not dispatched.
Failed asserting that false is true.

  at vendor\laravel\framework\src\Illuminate\Support\Testing\Fakes\EventFake.php:145
    141Γûò         if (is_int($callback)) {
    142Γûò             return $this->assertDispatchedTimes($event, $callback);
    143Γûò         }
    144Γûò 
  Γ₧£ 145Γûò         PHPUnit::assertTrue(
    146Γûò             $this->dispatched($event, $callback)->count() > 0,
    147Γûò             "The expected [{$event}] event was not dispatched."
    148Γûò         );
    149Γûò     }

  1   vendor\laravel\framework\src\Illuminate\Support\Testing\Fakes\EventFake.php:145
  2   vendor\laravel\framework\src\Illuminate\Support\Facades\Facade.php:361

  ΓöÇΓöÇΓöÇΓöÇΓöÇΓöÇΓöÇΓöÇΓöÇΓöÇΓöÇΓöÇΓöÇΓöÇΓöÇΓöÇΓöÇΓöÇΓöÇΓöÇΓöÇΓöÇΓöÇΓöÇ  
   FAILED  Tests\FeatureΓÇª   
  Expected response status code [201, 301, 302, 303, 307, 308] but received 500.
Failed asserting that false is true.

The following exception occurred during the last request:

Symfony\Component\Routing\Exception\RouteNotFoundException: Route [dashboard] not defined. in C:\PROJECT WEBSITE\bhimaswari_counseling\vendor\laravel\framework\src\Illuminate\Routing\UrlGenerator.php:517
Stack trace:
#0 C:\PROJECT WEBSITE\bhimaswari_counseling\vendor\laravel\framework\src\Illuminate\Foundation\helpers.php(853): Illuminate\Routing\UrlGenerator->route('dashboard', Array, false)
#1 C:\PROJECT WEBSITE\bhimaswari_counseling\app\Http\Controllers\Auth\ConfirmablePasswordController.php(39): route('dashboard', Array, false)
#2 C:\PROJECT WEBSITE\bhimaswari_counseling\vendor\laravel\framework\src\Illuminate\Routing\ControllerDispatcher.php(47): App\Http\Controllers\Auth\ConfirmablePasswordController->store(Object(Illuminate\Http\Request))
#3 C:\PROJECT WEBSITE\bhimaswari_counseling\vendor\laravel\framework\src\Illuminate\Routing\Route.php(266): Illuminate\Routing\ControllerDispatcher->dispatch(Object(Illuminate\Routing\Route), Object(App\Http\Controllers\Auth\ConfirmablePasswordController), 'store')
#4 C:\PROJECT WEBSITE\bhimaswari_counseling\vendor\laravel\framework\src\Illuminate\Routing\Route.php(212): Illuminate\Routing\Route->runController()
#5 C:\PROJECT WEBSITE\bhimaswari_counseling\vendor\laravel\framework\src\Illuminate\Routing\Router.php(808): Illuminate\Routing\Route->run()
#6 C:\PROJECT WEBSITE\bhimaswari_counseling\vendor\laravel\framework\src\Illuminate\Pipeline\Pipeline.php(170): Illuminate\Routing\Router->Illuminate\Routing\{closure}(Object(Illuminate\Http\Request))
#7 C:\PROJECT WEBSITE\bhimaswari_counseling\vendor\laravel\framework\src\Illuminate\Http\Middleware\AddLinkHeadersForPreloadedAssets.php(20): Illuminate\Pipeline\Pipeline->Illuminate\Pipeline\{closure}(Object(Illuminate\Http\Request))
#8 C:\PROJECT WEBSITE\bhimaswari_counseling\vendor\laravel\framework\src\Illuminate\Pipeline\Pipeline.php(209): Illuminate\Http\Middleware\AddLinkHeadersForPreloadedAssets->handle(Object(Illuminate\Http\Request), Object(Closure))
#9 C:\PROJECT WEBSITE\bhimaswari_counseling\vendor\inertiajs\inertia-laravel\src\Middleware.php(122): Illuminate\Pipeline\Pipeline->Illuminate\Pipeline\{closure}(Object(Illuminate\Http\Request))
#10 C:\PROJECT WEBSITE\bhimaswari_counseling\vendor\laravel\framework\src\Illuminate\Pipeline\Pipeline.php(209): Inertia\Middleware->handle(Object(Illuminate\Http\Request), Object(Closure))
#11 C:\PROJECT WEBSITE\bhimaswari_counseling\vendor\laravel\framework\src\Illuminate\Routing\Middleware\SubstituteBindings.php(51): Illuminate\Pipeline\Pipeline->Illuminate\Pipeline\{closure}(Object(Illuminate\Http\Request))
#12 C:\PROJECT WEBSITE\bhimaswari_counseling\vendor\laravel\framework\src\Illuminate\Pipeline\Pipeline.php(209): Illuminate\Routing\Middleware\SubstituteBindings->handle(Object(Illuminate\Http\Request), Object(Closure))
#13 C:\PROJECT WEBSITE\bhimaswari_counseling\vendor\laravel\framework\src\Illuminate\Auth\Middleware\Authenticate.php(64): Illuminate\Pipeline\Pipeline->Illuminate\Pipeline\{closure}(Object(Illuminate\Http\Request))
#14 C:\PROJECT WEBSITE\bhimaswari_counseling\vendor\laravel\framework\src\Illuminate\Pipeline\Pipeline.php(209): Illuminate\Auth\Middleware\Authenticate->handle(Object(Illuminate\Http\Request), Object(Closure))
#15 C:\PROJECT WEBSITE\bhimaswari_counseling\vendor\laravel\framework\src\Illuminate\Foundation\Http\Middleware\VerifyCsrfToken.php(88): Illuminate\Pipeline\Pipeline->Illuminate\Pipeline\{closure}(Object(Illuminate\Http\Request))
#16 C:\PROJECT WEBSITE\bhimaswari_counseling\vendor\laravel\framework\src\Illuminate\Pipeline\Pipeline.php(209): Illuminate\Foundation\Http\Middleware\VerifyCsrfToken->handle(Object(Illuminate\Http\Request), Object(Closure))
#17 C:\PROJECT WEBSITE\bhimaswari_counseling\vendor\laravel\framework\src\Illuminate\View\Middleware\ShareErrorsFromSession.php(49): Illuminate\Pipeline\Pipeline->Illuminate\Pipeline\{closure}(Object(Illuminate\Http\Request))
#18 C:\PROJECT WEBSITE\bhimaswari_counseling\vendor\laravel\framework\src\Illuminate\Pipeline\Pipeline.php(209): Illuminate\View\Middleware\ShareErrorsFromSession->handle(Object(Illuminate\Http\Request), Object(Closure))
#19 C:\PROJECT WEBSITE\bhimaswari_counseling\vendor\laravel\framework\src\Illuminate\Session\Middleware\StartSession.php(121): Illuminate\Pipeline\Pipeline->Illuminate\Pipeline\{closure}(Object(Illuminate\Http\Request))
#20 C:\PROJECT WEBSITE\bhimaswari_counseling\vendor\laravel\framework\src\Illuminate\Session\Middleware\StartSession.php(64): Illuminate\Session\Middleware\StartSession->handleStatefulRequest(Object(Illuminate\Http\Request), Object(Illuminate\Session\Store), Object(Closure))
#21 C:\PROJECT WEBSITE\bhimaswari_counseling\vendor\laravel\framework\src\Illuminate\Pipeline\Pipeline.php(209): Illuminate\Session\Middleware\StartSession->handle(Object(Illuminate\Http\Request), Object(Closure))
#22 C:\PROJECT WEBSITE\bhimaswari_counseling\vendor\laravel\framework\src\Illuminate\Cookie\Middleware\AddQueuedCookiesToResponse.php(37): Illuminate\Pipeline\Pipeline->Illuminate\Pipeline\{closure}(Object(Illuminate\Http\Request))
#23 C:\PROJECT WEBSITE\bhimaswari_counseling\vendor\laravel\framework\src\Illuminate\Pipeline\Pipeline.php(209): Illuminate\Cookie\Middleware\AddQueuedCookiesToResponse->handle(Object(Illuminate\Http\Request), Object(Closure))
#24 C:\PROJECT WEBSITE\bhimaswari_counseling\vendor\laravel\framework\src\Illuminate\Cookie\Middleware\EncryptCookies.php(75): Illuminate\Pipeline\Pipeline->Illuminate\Pipeline\{closure}(Object(Illuminate\Http\Request))
#25 C:\PROJECT WEBSITE\bhimaswari_counseling\vendor\laravel\framework\src\Illuminate\Pipeline\Pipeline.php(209): Illuminate\Cookie\Middleware\EncryptCookies->handle(Object(Illuminate\Http\Request), Object(Closure))
#26 C:\PROJECT WEBSITE\bhimaswari_counseling\vendor\laravel\framework\src\Illuminate\Pipeline\Pipeline.php(127): Illuminate\Pipeline\Pipeline->Illuminate\Pipeline\{closure}(Object(Illuminate\Http\Request))
#27 C:\PROJECT WEBSITE\bhimaswari_counseling\vendor\laravel\framework\src\Illuminate\Routing\Router.php(807): Illuminate\Pipeline\Pipeline->then(Object(Closure))
#28 C:\PROJECT WEBSITE\bhimaswari_counseling\vendor\laravel\framework\src\Illuminate\Routing\Router.php(786): Illuminate\Routing\Router->runRouteWithinStack(Object(Illuminate\Routing\Route), Object(Illuminate\Http\Request))
#29 C:\PROJECT WEBSITE\bhimaswari_counseling\vendor\laravel\framework\src\Illuminate\Routing\Router.php(750): Illuminate\Routing\Router->runRoute(Object(Illuminate\Http\Request), Object(Illuminate\Routing\Route))
#30 C:\PROJECT WEBSITE\bhimaswari_counseling\vendor\laravel\framework\src\Illuminate\Routing\Router.php(739): Illuminate\Routing\Router->dispatchToRoute(Object(Illuminate\Http\Request))
#31 C:\PROJECT WEBSITE\bhimaswari_counseling\vendor\laravel\framework\src\Illuminate\Foundation\Http\Kernel.php(201): Illuminate\Routing\Router->dispatch(Object(Illuminate\Http\Request))
#32 C:\PROJECT WEBSITE\bhimaswari_counseling\vendor\laravel\framework\src\Illuminate\Pipeline\Pipeline.php(170): Illuminate\Foundation\Http\Kernel->Illuminate\Foundation\Http\{closure}(Object(Illuminate\Http\Request))
#33 C:\PROJECT WEBSITE\bhimaswari_counseling\vendor\laravel\framework\src\Illuminate\Foundation\Http\Middleware\TransformsRequest.php(21): Illuminate\Pipeline\Pipeline->Illuminate\Pipeline\{closure}(Object(Illuminate\Http\Request))
#34 C:\PROJECT WEBSITE\bhimaswari_counseling\vendor\laravel\framework\src\Illuminate\Foundation\Http\Middleware\ConvertEmptyStringsToNull.php(31): Illuminate\Foundation\Http\Middleware\TransformsRequest->handle(Object(Illuminate\Http\Request), Object(Closure))
#35 C:\PROJECT WEBSITE\bhimaswari_counseling\vendor\laravel\framework\src\Illuminate\Pipeline\Pipeline.php(209): Illuminate\Foundation\Http\Middleware\ConvertEmptyStringsToNull->handle(Object(Illuminate\Http\Request), Object(Closure))
#36 C:\PROJECT WEBSITE\bhimaswari_counseling\vendor\laravel\framework\src\Illuminate\Foundation\Http\Middleware\TransformsRequest.php(21): Illuminate\Pipeline\Pipeline->Illuminate\Pipeline\{closure}(Object(Illuminate\Http\Request))
#37 C:\PROJECT WEBSITE\bhimaswari_counseling\vendor\laravel\framework\src\Illuminate\Foundation\Http\Middleware\TrimStrings.php(51): Illuminate\Foundation\Http\Middleware\TransformsRequest->handle(Object(Illuminate\Http\Request), Object(Closure))
#38 C:\PROJECT WEBSITE\bhimaswari_counseling\vendor\laravel\framework\src\Illuminate\Pipeline\Pipeline.php(209): Illuminate\Foundation\Http\Middleware\TrimStrings->handle(Object(Illuminate\Http\Request), Object(Closure))
#39 C:\PROJECT WEBSITE\bhimaswari_counseling\vendor\laravel\framework\src\Illuminate\Http\Middleware\ValidatePostSize.php(27): Illuminate\Pipeline\Pipeline->Illuminate\Pipeline\{closure}(Object(Illuminate\Http\Request))
#40 C:\PROJECT WEBSITE\bhimaswari_counseling\vendor\laravel\framework\src\Illuminate\Pipeline\Pipeline.php(209): Illuminate\Http\Middleware\ValidatePostSize->handle(Object(Illuminate\Http\Request), Object(Closure))
#41 C:\PROJECT WEBSITE\bhimaswari_counseling\vendor\laravel\framework\src\Illuminate\Foundation\Http\Middleware\PreventRequestsDuringMaintenance.php(110): Illuminate\Pipeline\Pipeline->Illuminate\Pipeline\{closure}(Object(Illuminate\Http\Request))
#42 C:\PROJECT WEBSITE\bhimaswari_counseling\vendor\laravel\framework\src\Illuminate\Pipeline\Pipeline.php(209): Illuminate\Foundation\Http\Middleware\PreventRequestsDuringMaintenance->handle(Object(Illuminate\Http\Request), Object(Closure))
#43 C:\PROJECT WEBSITE\bhimaswari_counseling\vendor\laravel\framework\src\Illuminate\Http\Middleware\HandleCors.php(49): Illuminate\Pipeline\Pipeline->Illuminate\Pipeline\{closure}(Object(Illuminate\Http\Request))
#44 C:\PROJECT WEBSITE\bhimaswari_counseling\vendor\laravel\framework\src\Illuminate\Pipeline\Pipeline.php(209): Illuminate\Http\Middleware\HandleCors->handle(Object(Illuminate\Http\Request), Object(Closure))
#45 C:\PROJECT WEBSITE\bhimaswari_counseling\vendor\laravel\framework\src\Illuminate\Http\Middleware\TrustProxies.php(58): Illuminate\Pipeline\Pipeline->Illuminate\Pipeline\{closure}(Object(Illuminate\Http\Request))
#46 C:\PROJECT WEBSITE\bhimaswari_counseling\vendor\laravel\framework\src\Illuminate\Pipeline\Pipeline.php(209): Illuminate\Http\Middleware\TrustProxies->handle(Object(Illuminate\Http\Request), Object(Closure))
#47 C:\PROJECT WEBSITE\bhimaswari_counseling\vendor\laravel\framework\src\Illuminate\Foundation\Http\Middleware\InvokeDeferredCallbacks.php(22): Illuminate\Pipeline\Pipeline->Illuminate\Pipeline\{closure}(Object(Illuminate\Http\Request))
#48 C:\PROJECT WEBSITE\bhimaswari_counseling\vendor\laravel\framework\src\Illuminate\Pipeline\Pipeline.php(209): Illuminate\Foundation\Http\Middleware\InvokeDeferredCallbacks->handle(Object(Illuminate\Http\Request), Object(Closure))
#49 C:\PROJECT WEBSITE\bhimaswari_counseling\vendor\laravel\framework\src\Illuminate\Pipeline\Pipeline.php(127): Illuminate\Pipeline\Pipeline->Illuminate\Pipeline\{closure}(Object(Illuminate\Http\Request))
#50 C:\PROJECT WEBSITE\bhimaswari_counseling\vendor\laravel\framework\src\Illuminate\Foundation\Http\Kernel.php(176): Illuminate\Pipeline\Pipeline->then(Object(Closure))
#51 C:\PROJECT WEBSITE\bhimaswari_counseling\vendor\laravel\framework\src\Illuminate\Foundation\Http\Kernel.php(145): Illuminate\Foundation\Http\Kernel->sendRequestThroughRouter(Object(Illuminate\Http\Request))
#52 C:\PROJECT WEBSITE\bhimaswari_counseling\vendor\laravel\framework\src\Illuminate\Foundation\Testing\Concerns\MakesHttpRequests.php(607): Illuminate\Foundation\Http\Kernel->handle(Object(Illuminate\Http\Request))
#53 C:\PROJECT WEBSITE\bhimaswari_counseling\vendor\laravel\framework\src\Illuminate\Foundation\Testing\Concerns\MakesHttpRequests.php(397): Illuminate\Foundation\Testing\TestCase->call('POST', '/confirm-passwo...', Array, Array, Array, Array)
#54 C:\PROJECT WEBSITE\bhimaswari_counseling\tests\Feature\Auth\PasswordConfirmationTest.php(26): Illuminate\Foundation\Testing\TestCase->post('/confirm-passwo...', Array)
#55 C:\PROJECT WEBSITE\bhimaswari_counseling\vendor\phpunit\phpunit\src\Framework\TestCase.php(1667): Tests\Feature\Auth\PasswordConfirmationTest->test_password_can_be_confirmed()
#56 C:\PROJECT WEBSITE\bhimaswari_counseling\vendor\phpunit\phpunit\src\Framework\TestCase.php(519): PHPUnit\Framework\TestCase->runTest()
#57 C:\PROJECT WEBSITE\bhimaswari_counseling\vendor\phpunit\phpunit\src\Framework\TestRunner\TestRunner.php(87): PHPUnit\Framework\TestCase->runBare()
#58 C:\PROJECT WEBSITE\bhimaswari_counseling\vendor\phpunit\phpunit\src\Framework\TestCase.php(365): PHPUnit\Framework\TestRunner->run(Object(Tests\Feature\Auth\PasswordConfirmationTest))
#59 C:\PROJECT WEBSITE\bhimaswari_counseling\vendor\phpunit\phpunit\src\Framework\TestSuite.php(369): PHPUnit\Framework\TestCase->run()
#60 C:\PROJECT WEBSITE\bhimaswari_counseling\vendor\phpunit\phpunit\src\Framework\TestSuite.php(369): PHPUnit\Framework\TestSuite->run()
#61 C:\PROJECT WEBSITE\bhimaswari_counseling\vendor\phpunit\phpunit\src\Framework\TestSuite.php(369): PHPUnit\Framework\TestSuite->run()
#62 C:\PROJECT WEBSITE\bhimaswari_counseling\vendor\phpunit\phpunit\src\TextUI\TestRunner.php(64): PHPUnit\Framework\TestSuite->run()
#63 C:\PROJECT WEBSITE\bhimaswari_counseling\vendor\phpunit\phpunit\src\TextUI\Application.php(211): PHPUnit\TextUI\TestRunner->run(Object(PHPUnit\TextUI\Configuration\Configuration), Object(PHPUnit\Runner\ResultCache\DefaultResultCache), Object(PHPUnit\Framework\TestSuite))
#64 C:\PROJECT WEBSITE\bhimaswari_counseling\vendor\phpunit\phpunit\phpunit(104): PHPUnit\TextUI\Application->run(Array)
#65 {main}

----------------------------------------------------------------------------------

Route [dashboard] not defined.

  at tests\Feature\Auth\PasswordConfirmationTest.php:30
     26Γûò         $response = $this->actingAs($user)->post('/confirm-password', [
     27Γûò             'password' => 'password',
     28Γûò         ]);
     29Γûò 
  Γ₧£  30Γûò         $response->assertRedirect();
     31Γûò         $response->assertSessionHasNoErrors();
     32Γûò     }
     33Γûò 
     34Γûò     public function test_password_is_not_confirmed_with_invalid_password(): void


  Tests:    2 failed, 16 passed (34 assertions)
  Duration: 6.16s

